// Vitest Snapshot v1, https://vitest.dev/guide/snapshot.html

exports[`Container component > matches the snapshot 1`] = `
<DocumentFragment>
  <div
    class="sc-braxZu SzWhb"
  >
    <div>
      Child Element
    </div>
  </div>
</DocumentFragment>
`;
