// Vitest Snapshot v1, https://vitest.dev/guide/snapshot.html

exports[`ErrorText component > matches the snapshot 1`] = `
<DocumentFragment>
  <div
    class="sc-braxZu kwHjtR"
  >
    Snapshot Test
  </div>
</DocumentFragment>
`;
